// Jest Snapshot v1, https://goo.gl/fbAQLP

exports[`AddCarForm component Should render the proper AddCarForm component 1`] = `
Object {
  "asFragment": [Function],
  "baseElement": <body>
    <div>
      <div
        class="sc-gueYoa hjwgPs"
      >
        <form
          class="sc-beqWaB eTVxgX"
        >
          <h1
            class="sc-gLDzan hoMnOv"
          >
            Add a car
          </h1>
          <input
            class="sc-dmqHEX jEDZgU form-control"
            name="name"
            placeholder="Enter name"
            required=""
            type="text"
            value=""
          />
          <input
            class="sc-dmqHEX jEDZgU form-control"
            name="model"
            placeholder="Enter car model"
            required=""
            type="text"
            value=""
          />
          <input
            class="sc-dmqHEX jEDZgU form-control"
            name="price"
            placeholder="Enter Price"
            required=""
            type="number"
            value="0"
          />
          <input
            class="sc-dmqHEX jEDZgU form-control"
            name="image_url"
            placeholder="Enter Image URL"
            required=""
            type="text"
            value=""
          />
          <textarea
            class="sc-eDDNvR gOqxBO form-control"
            name="description"
            placeholder="Enter description"
            required=""
            type="text"
          />
          <button
            class="sc-jTrPJq GpDmH"
            type="submit"
          >
            Add Car
          </button>
        </form>
      </div>
      ,
    </div>
  </body>,
  "container": <div>
    <div
      class="sc-gueYoa hjwgPs"
    >
      <form
        class="sc-beqWaB eTVxgX"
      >
        <h1
          class="sc-gLDzan hoMnOv"
        >
          Add a car
        </h1>
        <input
          class="sc-dmqHEX jEDZgU form-control"
          name="name"
          placeholder="Enter name"
          required=""
          type="text"
          value=""
        />
        <input
          class="sc-dmqHEX jEDZgU form-control"
          name="model"
          placeholder="Enter car model"
          required=""
          type="text"
          value=""
        />
        <input
          class="sc-dmqHEX jEDZgU form-control"
          name="price"
          placeholder="Enter Price"
          required=""
          type="number"
          value="0"
        />
        <input
          class="sc-dmqHEX jEDZgU form-control"
          name="image_url"
          placeholder="Enter Image URL"
          required=""
          type="text"
          value=""
        />
        <textarea
          class="sc-eDDNvR gOqxBO form-control"
          name="description"
          placeholder="Enter description"
          required=""
          type="text"
        />
        <button
          class="sc-jTrPJq GpDmH"
          type="submit"
        >
          Add Car
        </button>
      </form>
    </div>
    ,
  </div>,
  "debug": [Function],
  "findAllByAltText": [Function],
  "findAllByDisplayValue": [Function],
  "findAllByLabelText": [Function],
  "findAllByPlaceholderText": [Function],
  "findAllByRole": [Function],
  "findAllByTestId": [Function],
  "findAllByText": [Function],
  "findAllByTitle": [Function],
  "findByAltText": [Function],
  "findByDisplayValue": [Function],
  "findByLabelText": [Function],
  "findByPlaceholderText": [Function],
  "findByRole": [Function],
  "findByTestId": [Function],
  "findByText": [Function],
  "findByTitle": [Function],
  "getAllByAltText": [Function],
  "getAllByDisplayValue": [Function],
  "getAllByLabelText": [Function],
  "getAllByPlaceholderText": [Function],
  "getAllByRole": [Function],
  "getAllByTestId": [Function],
  "getAllByText": [Function],
  "getAllByTitle": [Function],
  "getByAltText": [Function],
  "getByDisplayValue": [Function],
  "getByLabelText": [Function],
  "getByPlaceholderText": [Function],
  "getByRole": [Function],
  "getByTestId": [Function],
  "getByText": [Function],
  "getByTitle": [Function],
  "queryAllByAltText": [Function],
  "queryAllByDisplayValue": [Function],
  "queryAllByLabelText": [Function],
  "queryAllByPlaceholderText": [Function],
  "queryAllByRole": [Function],
  "queryAllByTestId": [Function],
  "queryAllByText": [Function],
  "queryAllByTitle": [Function],
  "queryByAltText": [Function],
  "queryByDisplayValue": [Function],
  "queryByLabelText": [Function],
  "queryByPlaceholderText": [Function],
  "queryByRole": [Function],
  "queryByTestId": [Function],
  "queryByText": [Function],
  "queryByTitle": [Function],
  "rerender": [Function],
  "unmount": [Function],
}
`;
