// Jest Snapshot v1, https://goo.gl/fbAQLP

exports[`Register component Should render the proper Register component 1`] = `
Object {
  "asFragment": [Function],
  "baseElement": <body>
    <div>
      <div
        class="sc-gueYoa epkqNz"
      >
        <form
          class="sc-beqWaB dVAhRU"
        >
          <h1
            class="sc-jTrPJq jSmLKZ"
          >
            Create an account
          </h1>
          <input
            aria-label="name"
            class="sc-dmqHEX jEDZgU"
            placeholder="Enter name"
          />
          <input
            aria-label="email"
            class="sc-dmqHEX jEDZgU"
            placeholder="Enter email"
          />
          <input
            aria-label="password"
            class="sc-dmqHEX jEDZgU"
            placeholder="Enter password"
          />
          <input
            aria-label="confirm password"
            class="sc-dmqHEX jEDZgU"
            placeholder="Confirm password"
          />
          <button
            class="sc-eDDNvR jNIOMX"
            type="submit"
          >
            Register
          </button>
          <p
            class="sc-gLDzan fNjIna"
          >
            Have an account? 
            <a
              href="/login"
            >
              Login...
            </a>
          </p>
        </form>
      </div>
      ,
    </div>
  </body>,
  "container": <div>
    <div
      class="sc-gueYoa epkqNz"
    >
      <form
        class="sc-beqWaB dVAhRU"
      >
        <h1
          class="sc-jTrPJq jSmLKZ"
        >
          Create an account
        </h1>
        <input
          aria-label="name"
          class="sc-dmqHEX jEDZgU"
          placeholder="Enter name"
        />
        <input
          aria-label="email"
          class="sc-dmqHEX jEDZgU"
          placeholder="Enter email"
        />
        <input
          aria-label="password"
          class="sc-dmqHEX jEDZgU"
          placeholder="Enter password"
        />
        <input
          aria-label="confirm password"
          class="sc-dmqHEX jEDZgU"
          placeholder="Confirm password"
        />
        <button
          class="sc-eDDNvR jNIOMX"
          type="submit"
        >
          Register
        </button>
        <p
          class="sc-gLDzan fNjIna"
        >
          Have an account? 
          <a
            href="/login"
          >
            Login...
          </a>
        </p>
      </form>
    </div>
    ,
  </div>,
  "debug": [Function],
  "findAllByAltText": [Function],
  "findAllByDisplayValue": [Function],
  "findAllByLabelText": [Function],
  "findAllByPlaceholderText": [Function],
  "findAllByRole": [Function],
  "findAllByTestId": [Function],
  "findAllByText": [Function],
  "findAllByTitle": [Function],
  "findByAltText": [Function],
  "findByDisplayValue": [Function],
  "findByLabelText": [Function],
  "findByPlaceholderText": [Function],
  "findByRole": [Function],
  "findByTestId": [Function],
  "findByText": [Function],
  "findByTitle": [Function],
  "getAllByAltText": [Function],
  "getAllByDisplayValue": [Function],
  "getAllByLabelText": [Function],
  "getAllByPlaceholderText": [Function],
  "getAllByRole": [Function],
  "getAllByTestId": [Function],
  "getAllByText": [Function],
  "getAllByTitle": [Function],
  "getByAltText": [Function],
  "getByDisplayValue": [Function],
  "getByLabelText": [Function],
  "getByPlaceholderText": [Function],
  "getByRole": [Function],
  "getByTestId": [Function],
  "getByText": [Function],
  "getByTitle": [Function],
  "queryAllByAltText": [Function],
  "queryAllByDisplayValue": [Function],
  "queryAllByLabelText": [Function],
  "queryAllByPlaceholderText": [Function],
  "queryAllByRole": [Function],
  "queryAllByTestId": [Function],
  "queryAllByText": [Function],
  "queryAllByTitle": [Function],
  "queryByAltText": [Function],
  "queryByDisplayValue": [Function],
  "queryByLabelText": [Function],
  "queryByPlaceholderText": [Function],
  "queryByRole": [Function],
  "queryByTestId": [Function],
  "queryByText": [Function],
  "queryByTitle": [Function],
  "rerender": [Function],
  "unmount": [Function],
}
`;
