// Jest Snapshot v1, https://goo.gl/fbAQLP

exports[`SideNav component Should render the proper SideNav component 1`] = `
Object {
  "asFragment": [Function],
  "baseElement": <body>
    <div>
      <div
        class="sidenav"
      >
        <img
          alt="logo"
          class="logo"
          src="regal.png"
        />
        <button
          class="menuBtn"
          type="button"
        >
          <svg
            aria-hidden="true"
            class="MuiSvgIcon-root MuiSvgIcon-fontSizeMedium css-i4bv87-MuiSvgIcon-root"
            data-testid="KeyboardDoubleArrowLeftIcon"
            focusable="false"
            viewBox="0 0 24 24"
          >
            <path
              d="M17.59 18 19 16.59 14.42 12 19 7.41 17.59 6l-6 6z"
            />
            <path
              d="m11 18 1.41-1.41L7.83 12l4.58-4.59L11 6l-6 6z"
            />
          </svg>
        </button>
        <a
          aria-current="page"
          class="sideitem active"
          href="/"
        >
          <svg
            aria-hidden="true"
            class="MuiSvgIcon-root MuiSvgIcon-fontSizeMedium css-i4bv87-MuiSvgIcon-root"
            data-testid="HomeIcon"
            focusable="false"
            viewBox="0 0 24 24"
          >
            <path
              d="M10 20v-6h4v6h5v-8h3L12 3 2 12h3v8z"
            />
          </svg>
          <span
            class="linkText"
          >
            Home
          </span>
        </a>
        <a
          class="sideitem"
          href="/login"
        >
          <svg
            aria-hidden="true"
            class="MuiSvgIcon-root MuiSvgIcon-fontSizeMedium css-i4bv87-MuiSvgIcon-root"
            data-testid="LogoutIcon"
            focusable="false"
            viewBox="0 0 24 24"
          >
            <path
              d="m17 7-1.41 1.41L18.17 11H8v2h10.17l-2.58 2.58L17 17l5-5zM4 5h8V3H4c-1.1 0-2 .9-2 2v14c0 1.1.9 2 2 2h8v-2H4V5z"
            />
          </svg>
          <span
            class="linkText"
          >
            Login
          </span>
        </a>
      </div>
      ,
    </div>
  </body>,
  "container": <div>
    <div
      class="sidenav"
    >
      <img
        alt="logo"
        class="logo"
        src="regal.png"
      />
      <button
        class="menuBtn"
        type="button"
      >
        <svg
          aria-hidden="true"
          class="MuiSvgIcon-root MuiSvgIcon-fontSizeMedium css-i4bv87-MuiSvgIcon-root"
          data-testid="KeyboardDoubleArrowLeftIcon"
          focusable="false"
          viewBox="0 0 24 24"
        >
          <path
            d="M17.59 18 19 16.59 14.42 12 19 7.41 17.59 6l-6 6z"
          />
          <path
            d="m11 18 1.41-1.41L7.83 12l4.58-4.59L11 6l-6 6z"
          />
        </svg>
      </button>
      <a
        aria-current="page"
        class="sideitem active"
        href="/"
      >
        <svg
          aria-hidden="true"
          class="MuiSvgIcon-root MuiSvgIcon-fontSizeMedium css-i4bv87-MuiSvgIcon-root"
          data-testid="HomeIcon"
          focusable="false"
          viewBox="0 0 24 24"
        >
          <path
            d="M10 20v-6h4v6h5v-8h3L12 3 2 12h3v8z"
          />
        </svg>
        <span
          class="linkText"
        >
          Home
        </span>
      </a>
      <a
        class="sideitem"
        href="/login"
      >
        <svg
          aria-hidden="true"
          class="MuiSvgIcon-root MuiSvgIcon-fontSizeMedium css-i4bv87-MuiSvgIcon-root"
          data-testid="LogoutIcon"
          focusable="false"
          viewBox="0 0 24 24"
        >
          <path
            d="m17 7-1.41 1.41L18.17 11H8v2h10.17l-2.58 2.58L17 17l5-5zM4 5h8V3H4c-1.1 0-2 .9-2 2v14c0 1.1.9 2 2 2h8v-2H4V5z"
          />
        </svg>
        <span
          class="linkText"
        >
          Login
        </span>
      </a>
    </div>
    ,
  </div>,
  "debug": [Function],
  "findAllByAltText": [Function],
  "findAllByDisplayValue": [Function],
  "findAllByLabelText": [Function],
  "findAllByPlaceholderText": [Function],
  "findAllByRole": [Function],
  "findAllByTestId": [Function],
  "findAllByText": [Function],
  "findAllByTitle": [Function],
  "findByAltText": [Function],
  "findByDisplayValue": [Function],
  "findByLabelText": [Function],
  "findByPlaceholderText": [Function],
  "findByRole": [Function],
  "findByTestId": [Function],
  "findByText": [Function],
  "findByTitle": [Function],
  "getAllByAltText": [Function],
  "getAllByDisplayValue": [Function],
  "getAllByLabelText": [Function],
  "getAllByPlaceholderText": [Function],
  "getAllByRole": [Function],
  "getAllByTestId": [Function],
  "getAllByText": [Function],
  "getAllByTitle": [Function],
  "getByAltText": [Function],
  "getByDisplayValue": [Function],
  "getByLabelText": [Function],
  "getByPlaceholderText": [Function],
  "getByRole": [Function],
  "getByTestId": [Function],
  "getByText": [Function],
  "getByTitle": [Function],
  "queryAllByAltText": [Function],
  "queryAllByDisplayValue": [Function],
  "queryAllByLabelText": [Function],
  "queryAllByPlaceholderText": [Function],
  "queryAllByRole": [Function],
  "queryAllByTestId": [Function],
  "queryAllByText": [Function],
  "queryAllByTitle": [Function],
  "queryByAltText": [Function],
  "queryByDisplayValue": [Function],
  "queryByLabelText": [Function],
  "queryByPlaceholderText": [Function],
  "queryByRole": [Function],
  "queryByTestId": [Function],
  "queryByText": [Function],
  "queryByTitle": [Function],
  "rerender": [Function],
  "unmount": [Function],
}
`;
